Archive member included because of file (symbol)

/opt/paparazzi/arm-multilib/lib/gcc/arm-none-eabi/4.6.2/../../../../arm-none-eabi/lib/libc.a(lib_a-memset.o)
                              build/obj/syscalls.o (memset)

Discarded input sections

 .text          0x0000000000000000        0x0 build/obj/crt0.o
 .data          0x0000000000000000        0x0 build/obj/crt0.o
 .bss           0x0000000000000000        0x0 build/obj/crt0.o
 .text.__early_init
                0x0000000000000000       0x10 build/obj/crt0.o
 .text          0x0000000000000000        0x0 build/obj/vectors.o
 .data          0x0000000000000000        0x0 build/obj/vectors.o
 .bss           0x0000000000000000        0x0 build/obj/vectors.o
 .text          0x0000000000000000        0x0 build/obj/chcore.o
 .data          0x0000000000000000        0x0 build/obj/chcore.o
 .bss           0x0000000000000000        0x0 build/obj/chcore.o
 .text.port_halt
                0x0000000000000000       0x10 build/obj/chcore.o
 .text          0x0000000000000000        0x0 build/obj/chcore_v7m.o
 .data          0x0000000000000000        0x0 build/obj/chcore_v7m.o
 .bss           0x0000000000000000        0x0 build/obj/chcore_v7m.o
 .text          0x0000000000000000        0x0 build/obj/nvic.o
 .data          0x0000000000000000        0x0 build/obj/nvic.o
 .bss           0x0000000000000000        0x0 build/obj/nvic.o
 .text.nvicDisableVector
                0x0000000000000000       0x40 build/obj/nvic.o
 .text          0x0000000000000000        0x0 build/obj/chsys.o
 .data          0x0000000000000000        0x0 build/obj/chsys.o
 .bss           0x0000000000000000        0x0 build/obj/chsys.o
 .text          0x0000000000000000        0x0 build/obj/chdebug.o
 .data          0x0000000000000000        0x0 build/obj/chdebug.o
 .bss           0x0000000000000000        0x0 build/obj/chdebug.o
 .text          0x0000000000000000        0x0 build/obj/chlists.o
 .data          0x0000000000000000        0x0 build/obj/chlists.o
 .bss           0x0000000000000000        0x0 build/obj/chlists.o
 .text          0x0000000000000000        0x0 build/obj/chvt.o
 .data          0x0000000000000000        0x0 build/obj/chvt.o
 .bss           0x0000000000000000        0x0 build/obj/chvt.o
 .text.chTimeIsWithin
                0x0000000000000000       0x40 build/obj/chvt.o
 .text          0x0000000000000000        0x0 build/obj/chschd.o
 .data          0x0000000000000000        0x0 build/obj/chschd.o
 .bss           0x0000000000000000        0x0 build/obj/chschd.o
 .text.chSchRescheduleS
                0x0000000000000000       0x20 build/obj/chschd.o
 .text          0x0000000000000000        0x0 build/obj/chthreads.o
 .data          0x0000000000000000        0x0 build/obj/chthreads.o
 .bss           0x0000000000000000        0x0 build/obj/chthreads.o
 .text.chThdSetPriority
                0x0000000000000000       0x30 build/obj/chthreads.o
 .text.chThdResume
                0x0000000000000000       0x20 build/obj/chthreads.o
 .text.chThdTerminate
                0x0000000000000000       0x20 build/obj/chthreads.o
 .text.chThdSleepUntil
                0x0000000000000000       0x30 build/obj/chthreads.o
 .text.chThdYield
                0x0000000000000000       0x30 build/obj/chthreads.o
 .text.chThdWait
                0x0000000000000000       0x40 build/obj/chthreads.o
 .text          0x0000000000000000        0x0 build/obj/chdynamic.o
 .data          0x0000000000000000        0x0 build/obj/chdynamic.o
 .bss           0x0000000000000000        0x0 build/obj/chdynamic.o
 .text.chThdAddRef
                0x0000000000000000       0x20 build/obj/chdynamic.o
 .text.chThdRelease
                0x0000000000000000       0x50 build/obj/chdynamic.o
 .text.chThdCreateFromHeap
                0x0000000000000000       0x40 build/obj/chdynamic.o
 .text.chThdCreateFromMemoryPool
                0x0000000000000000       0x50 build/obj/chdynamic.o
 .text          0x0000000000000000        0x0 build/obj/chregistry.o
 .data          0x0000000000000000        0x0 build/obj/chregistry.o
 .bss           0x0000000000000000        0x0 build/obj/chregistry.o
 .text.chRegFirstThread
                0x0000000000000000       0x20 build/obj/chregistry.o
 .text.chRegNextThread
                0x0000000000000000       0x30 build/obj/chregistry.o
 .text          0x0000000000000000        0x0 build/obj/chsem.o
 .data          0x0000000000000000        0x0 build/obj/chsem.o
 .bss           0x0000000000000000        0x0 build/obj/chsem.o
 .text.chSemInit
                0x0000000000000000       0x10 build/obj/chsem.o
 .text.chSemResetI
                0x0000000000000000       0x30 build/obj/chsem.o
 .text.chSemReset
                0x0000000000000000       0x20 build/obj/chsem.o
 .text.chSemWaitS
                0x0000000000000000       0x40 build/obj/chsem.o
 .text.chSemWait
                0x0000000000000000       0x20 build/obj/chsem.o
 .text.chSemWaitTimeoutS
[...]
Memory Configuration

Name             Origin             Length             Attributes
flash            0x0000000008000000 0x0000000000040000
ram              0x0000000020000000 0x0000000000010000
*default*        0x0000000000000000 0xffffffffffffffff

Linker script and memory map

LOAD build/obj/crt0.o
LOAD build/obj/vectors.o
LOAD build/obj/chcore.o
LOAD build/obj/chcore_v7m.o
LOAD build/obj/nvic.o
LOAD build/obj/chsys.o
LOAD build/obj/chdebug.o
LOAD build/obj/chlists.o
LOAD build/obj/chvt.o
LOAD build/obj/chschd.o
LOAD build/obj/chthreads.o
LOAD build/obj/chdynamic.o
LOAD build/obj/chregistry.o
LOAD build/obj/chsem.o
LOAD build/obj/chmtx.o
LOAD build/obj/chcond.o
LOAD build/obj/chevents.o
LOAD build/obj/chmsg.o
LOAD build/obj/chmboxes.o
LOAD build/obj/chqueues.o
LOAD build/obj/chmemcore.o
LOAD build/obj/chheap.o
LOAD build/obj/chmempools.o
LOAD build/obj/test.o
LOAD build/obj/testthd.o
LOAD build/obj/testsem.o
LOAD build/obj/testmtx.o
LOAD build/obj/testmsg.o
LOAD build/obj/testmbox.o
LOAD build/obj/testevt.o
LOAD build/obj/testheap.o
LOAD build/obj/testpools.o
LOAD build/obj/testdyn.o
LOAD build/obj/testqueues.o
LOAD build/obj/testbmk.o
LOAD build/obj/hal.o
LOAD build/obj/adc.o
LOAD build/obj/can.o
LOAD build/obj/ext.o
LOAD build/obj/gpt.o
LOAD build/obj/i2c.o
LOAD build/obj/icu.o
LOAD build/obj/mac.o
LOAD build/obj/mmc_spi.o
LOAD build/obj/mmcsd.o
LOAD build/obj/pal.o
LOAD build/obj/pwm.o
LOAD build/obj/rtc.o
LOAD build/obj/sdc.o
LOAD build/obj/serial.o
LOAD build/obj/serial_usb.o
LOAD build/obj/spi.o
LOAD build/obj/tm.o
LOAD build/obj/uart.o
LOAD build/obj/usb.o
LOAD build/obj/stm32_dma.o
LOAD build/obj/hal_lld.o
LOAD build/obj/adc_lld.o
LOAD build/obj/ext_lld_isr.o
LOAD build/obj/can_lld.o
LOAD build/obj/ext_lld.o
LOAD build/obj/mac_lld.o
LOAD build/obj/sdc_lld.o
LOAD build/obj/pal_lld.o
LOAD build/obj/i2c_lld.o
LOAD build/obj/rtc_lld.o
LOAD build/obj/spi_lld.o
LOAD build/obj/gpt_lld.o
LOAD build/obj/icu_lld.o
LOAD build/obj/pwm_lld.o
LOAD build/obj/serial_lld.o
LOAD build/obj/uart_lld.o
LOAD build/obj/usb_lld.o
LOAD build/obj/board.o
LOAD build/obj/evtimer.o
LOAD build/obj/syscalls.o
LOAD build/obj/main.o
START GROUP
LOAD /opt/paparazzi/arm-multilib/lib/gcc/arm-none-eabi/4.6.2/thumb/v7/libgcc.a
LOAD /opt/paparazzi/arm-multilib/lib/gcc/arm-none-eabi/4.6.2/../../../../arm-none-eabi/lib/libc.a
END GROUP
                0x0000000000000400                __main_stack_size__ = 0x400
                0x0000000000000400                __process_stack_size__ = 0x400
                0x0000000020000000                __ram_start__ = ORIGIN (ram)
                0x0000000000010000                __ram_size__ = 0x10000
                0x0000000020010000                __ram_end__ = (__ram_start__ + __ram_size__)
                0x0000000000000000                . = 0x0
                0x0000000000000000                _text = .

startup         0x0000000008000000      0x150
 *(vectors)
 vectors        0x0000000008000000      0x150 build/obj/vectors.o
                0x0000000008000000                _vectors

constructors    0x0000000008000150        0x0
                0x0000000008000150                PROVIDE (__init_array_start, .)
 *(SORT(.init_array.*))
 *(.init_array)
                0x0000000008000150                PROVIDE (__init_array_end, .)

destructors     0x0000000008000150        0x0
                0x0000000008000150                PROVIDE (__fini_array_start, .)
 *(.fini_array)
 *(SORT(.fini_array.*))
                0x0000000008000150                PROVIDE (__fini_array_end, .)

.text           0x0000000008000150     0x128c
 *(.text.startup.*)
 .text.startup.main
                0x0000000008000150       0xa0 build/obj/main.o
                0x0000000008000150                main
 *(.text)
 *(.text.*)
 .text.__late_init
                0x00000000080001f0       0x10 build/obj/crt0.o
                0x00000000080001f0                __late_init
 .text._default_exit
                0x0000000008000200       0x10 build/obj/crt0.o
                0x0000000008000200                _default_exit
 .text.ResetHandler
                0x0000000008000210       0xd0 build/obj/crt0.o
                0x0000000008000210                ResetHandler
 .text._unhandled_exception
                0x00000000080002e0       0x10 build/obj/vectors.o
                0x00000000080002e0                Vector58
                0x00000000080002e0                VectorE8
                0x00000000080002e0                Vector9C
                0x00000000080002e0                VectorAC
                0x00000000080002e0                Vector5C
                0x00000000080002e0                NMIVector
                0x00000000080002e0                Vector11C
                0x00000000080002e0                Vector8C
                0x00000000080002e0                VectorDC
                0x00000000080002e0                Vector120
                0x00000000080002e0                VectorC8
                0x00000000080002e0                Vector94
                0x00000000080002e0                VectorA8
                0x00000000080002e0                VectorB4
                0x00000000080002e0                Vector74
                0x00000000080002e0                VectorEC
                0x00000000080002e0                UsageFaultVector
                0x00000000080002e0                DebugMonitorVector
                0x00000000080002e0                Vector40
                0x00000000080002e0                VectorF8
                0x00000000080002e0                Vector108
                0x00000000080002e0                VectorBC
                0x00000000080002e0                Vector124
                0x00000000080002e0                Vector148
                0x00000000080002e0                PendSVVector
                0x00000000080002e0                Vector118
                0x00000000080002e0                Vector64
                0x00000000080002e0                VectorCC
                0x00000000080002e0                Vector54
                0x00000000080002e0                Vector98
                0x00000000080002e0                VectorD8
                0x00000000080002e0                Vector138
                0x00000000080002e0                Vector24
                0x00000000080002e0                Vector84
                0x00000000080002e0                BusFaultVector
                0x00000000080002e0                VectorD0
                0x00000000080002e0                Vector140
                0x00000000080002e0                VectorE4
                0x00000000080002e0                VectorC0
                0x00000000080002e0                Vector130
                0x00000000080002e0                HardFaultVector
                0x00000000080002e0                Vector134
                0x00000000080002e0                VectorF0
                0x00000000080002e0                Vector12C
                0x00000000080002e0                Vector13C
                0x00000000080002e0                Vector100
                0x00000000080002e0                VectorE0
                0x00000000080002e0                VectorF4
                0x00000000080002e0                MemManageVector
                0x00000000080002e0                Vector6C
                0x00000000080002e0                VectorA0
                0x00000000080002e0                VectorC4
                0x00000000080002e0                Vector7C
                0x00000000080002e0                VectorB0
                0x00000000080002e0                Vector90
                0x00000000080002e0                Vector114
                0x00000000080002e0                Vector60
                0x00000000080002e0                Vector1C
                0x00000000080002e0                Vector48
                0x00000000080002e0                Vector70
                0x00000000080002e0                VectorD4
                0x00000000080002e0                Vector4C
                0x00000000080002e0                Vector144
                0x00000000080002e0                Vector80
                0x00000000080002e0                Vector68
                0x00000000080002e0                Vector78
                0x00000000080002e0                _unhandled_exception
                0x00000000080002e0                Vector88
                0x00000000080002e0                Vector104
                0x00000000080002e0                Vector10C
                0x00000000080002e0                Vector14C
                0x00000000080002e0                Vector50
                0x00000000080002e0                Vector44
                0x00000000080002e0                Vector28
                0x00000000080002e0                VectorB8
                0x00000000080002e0                VectorFC
                0x00000000080002e0                Vector34
                0x00000000080002e0                Vector128
                0x00000000080002e0                VectorA4
                0x00000000080002e0                Vector20
 .text._port_switch_from_isr
                0x00000000080002f0       0x10 build/obj/chcore_v7m.o
                0x00000000080002f0                _port_switch_from_isr
 .text.SVCallVector
                0x0000000008000300       0x20 build/obj/chcore_v7m.o
                0x0000000008000300                SVCallVector
 .text._port_init
                0x0000000008000320       0x40 build/obj/chcore_v7m.o
                0x0000000008000320                _port_init
 .text._port_irq_epilogue
                0x0000000008000360       0x70 build/obj/chcore_v7m.o
                0x0000000008000360                _port_irq_epilogue
 .text.SysTickVector
                0x00000000080003d0       0x20 build/obj/chcore_v7m.o
                0x00000000080003d0                SysTickVector
 .text._port_switch
                0x00000000080003f0       0x10 build/obj/chcore_v7m.o
                0x00000000080003f0                _port_switch
 .text._port_thread_start
                0x0000000008000400       0x10 build/obj/chcore_v7m.o
                0x0000000008000400                _port_thread_start
 .text.nvicEnableVector
                0x0000000008000410       0x50 build/obj/nvic.o
                0x0000000008000410                nvicEnableVector
 .text.nvicSetSystemHandlerPriority
                0x0000000008000460       0x30 build/obj/nvic.o
                0x0000000008000460                nvicSetSystemHandlerPriority
 .text._idle_thread
                0x0000000008000490       0x20 build/obj/chsys.o
                0x0000000008000490                _idle_thread
 .text.chSysInit
                0x00000000080004b0       0x70 build/obj/chsys.o
                0x00000000080004b0                chSysInit
 .text.chSysTimerHandlerI
                0x0000000008000520       0x60 build/obj/chsys.o
                0x0000000008000520                chSysTimerHandlerI
 .text._vt_init
                0x0000000008000580       0x20 build/obj/chvt.o
                0x0000000008000580                _vt_init
 .text.chVTSetI
                0x00000000080005a0       0x40 build/obj/chvt.o
                0x00000000080005a0                chVTSetI
 .text.chVTResetI
                0x00000000080005e0       0x30 build/obj/chvt.o
                0x00000000080005e0                chVTResetI
 .text.wakeup   0x0000000008000610       0x60 build/obj/chschd.o
 .text._scheduler_init
                0x0000000008000670       0x20 build/obj/chschd.o
                0x0000000008000670                _scheduler_init
 .text.chSchReadyI
                0x0000000008000690       0x20 build/obj/chschd.o
                0x0000000008000690                chSchReadyI
 .text.chSchGoSleepS
                0x00000000080006b0       0x30 build/obj/chschd.o
                0x00000000080006b0                chSchGoSleepS
 .text.chSchGoSleepTimeoutS
                0x00000000080006e0       0x40 build/obj/chschd.o
                0x00000000080006e0                chSchGoSleepTimeoutS
 .text.chSchWakeupS
                0x0000000008000720       0x60 build/obj/chschd.o
                0x0000000008000720                chSchWakeupS
 .text.chSchDoRescheduleBehind
                0x0000000008000780       0x40 build/obj/chschd.o
                0x0000000008000780                chSchDoRescheduleBehind
 .text.chSchDoRescheduleAhead
                0x00000000080007c0       0x40 build/obj/chschd.o
                0x00000000080007c0                chSchDoRescheduleAhead
 .text.chSchDoReschedule
                0x0000000008000800       0x20 build/obj/chschd.o
                0x0000000008000800                chSchDoReschedule
 .text._thread_init
                0x0000000008000820       0x50 build/obj/chthreads.o
                0x0000000008000820                _thread_init
 .text.chThdCreateI
                0x0000000008000870       0x70 build/obj/chthreads.o
                0x0000000008000870                chThdCreateI
 .text.chThdCreateStatic
                0x00000000080008e0       0x30 build/obj/chthreads.o
                0x00000000080008e0                chThdCreateStatic
 .text.chThdSleep
                0x0000000008000910       0x20 build/obj/chthreads.o
                0x0000000008000910                chThdSleep
 .text.chThdExitS
                0x0000000008000930       0x50 build/obj/chthreads.o
                0x0000000008000930                chThdExitS
 .text.chThdExit
                0x0000000008000980       0x10 build/obj/chthreads.o
                0x0000000008000980                chThdExit
 .text.chMtxInit
                0x0000000008000990       0x10 build/obj/chmtx.o
                0x0000000008000990                chMtxInit
 .text.chEvtSignalI
                0x00000000080009a0       0x30 build/obj/chevents.o
                0x00000000080009a0                chEvtSignalI
 .text.chEvtBroadcastFlagsI
                0x00000000080009d0       0x30 build/obj/chevents.o
                0x00000000080009d0                chEvtBroadcastFlagsI
 .text.qwait    0x0000000008000a00       0x30 build/obj/chqueues.o
 .text.chIQInit
                0x0000000008000a30       0x20 build/obj/chqueues.o
                0x0000000008000a30                chIQInit
 .text.chIQPutI
                0x0000000008000a50       0x50 build/obj/chqueues.o
                0x0000000008000a50                chIQPutI
 .text.chIQGetTimeout
                0x0000000008000aa0       0x50 build/obj/chqueues.o
                0x0000000008000aa0                chIQGetTimeout
 .text.chIQReadTimeout
                0x0000000008000af0       0x80 build/obj/chqueues.o
                0x0000000008000af0                chIQReadTimeout
 .text.chOQInit
                0x0000000008000b70       0x20 build/obj/chqueues.o
                0x0000000008000b70                chOQInit
 .text.chOQPutTimeout
                0x0000000008000b90       0x50 build/obj/chqueues.o
                0x0000000008000b90                chOQPutTimeout
 .text.chOQGetI
                0x0000000008000be0       0x50 build/obj/chqueues.o
                0x0000000008000be0                chOQGetI
 .text.chOQWriteTimeout
                0x0000000008000c30       0x90 build/obj/chqueues.o
                0x0000000008000c30                chOQWriteTimeout
 .text._core_init
                0x0000000008000cc0       0x30 build/obj/chmemcore.o
                0x0000000008000cc0                _core_init
 .text.chCoreAlloc
                0x0000000008000cf0       0x40 build/obj/chmemcore.o
                0x0000000008000cf0                chCoreAlloc
 .text._heap_init
                0x0000000008000d30       0x20 build/obj/chheap.o
                0x0000000008000d30                _heap_init
 .text.halInit  0x0000000008000d50       0x20 build/obj/hal.o
                0x0000000008000d50                halInit
 .text.readt    0x0000000008000d70       0x10 build/obj/serial.o
 .text.read     0x0000000008000d80       0x10 build/obj/serial.o
 .text.writet   0x0000000008000d90       0x10 build/obj/serial.o
 .text.write    0x0000000008000da0       0x10 build/obj/serial.o
 .text.gett     0x0000000008000db0       0x10 build/obj/serial.o
 .text.get      0x0000000008000dc0       0x10 build/obj/serial.o
 .text.putt     0x0000000008000dd0       0x10 build/obj/serial.o
 .text.put      0x0000000008000de0       0x10 build/obj/serial.o
 .text.sdInit   0x0000000008000df0       0x10 build/obj/serial.o
                0x0000000008000df0                sdInit
 .text.sdObjectInit
                0x0000000008000e00       0x50 build/obj/serial.o
                0x0000000008000e00                sdObjectInit
 .text.sdStart  0x0000000008000e50       0x20 build/obj/serial.o
                0x0000000008000e50                sdStart
 .text.sdIncomingDataI
                0x0000000008000e70       0x40 build/obj/serial.o
                0x0000000008000e70                sdIncomingDataI
 .text.hal_lld_init
                0x0000000008000eb0       0x80 build/obj/hal_lld.o
                0x0000000008000eb0                hal_lld_init
 .text.stm32_clock_init
                0x0000000008000f30       0xc0 build/obj/hal_lld.o
                0x0000000008000f30                stm32_clock_init
 .text._pal_lld_init
                0x0000000008000ff0       0x80 build/obj/pal_lld.o
                0x0000000008000ff0                _pal_lld_init
 .text.notify4  0x0000000008001070       0x20 build/obj/serial_lld.o
 .text.Vector110
                0x0000000008001090      0x110 build/obj/serial_lld.o
                0x0000000008001090                Vector110
 .text.sd_lld_init
                0x00000000080011a0       0x30 build/obj/serial_lld.o
                0x00000000080011a0                sd_lld_init
 .text.sd_lld_start
                0x00000000080011d0       0x90 build/obj/serial_lld.o
                0x00000000080011d0                sd_lld_start
 .text.__early_init
                0x0000000008001260       0x10 build/obj/board.o
                0x0000000008001260                __early_init
 .text.boardInit
                0x0000000008001270       0x10 build/obj/board.o
                0x0000000008001270                boardInit
 .text.Thread1  0x0000000008001280       0xa0 build/obj/main.o
 *(.rodata)
 *(.rodata.*)
 .rodata.str1.4
                0x0000000008001320        0x5 build/obj/chsys.o
                                          0x8 (size before relaxing)
 *fill*         0x0000000008001325        0xb 00
 .rodata.ch_debug
                0x0000000008001330       0x18 build/obj/chregistry.o
                0x0000000008001330                ch_debug
 *fill*         0x0000000008001348        0x8 00
 .rodata.vmt    0x0000000008001350       0x20 build/obj/serial.o
 .rodata.default_config
                0x0000000008001370        0xc build/obj/serial_lld.o
 *fill*         0x000000000800137c        0x4 00
 .rodata.pal_default_config
                0x0000000008001380       0x3c build/obj/board.o
                0x0000000008001380                pal_default_config
 *fill*         0x00000000080013bc        0x4 00
 .rodata.str1.4
                0x00000000080013c0        0x8 build/obj/main.o
 *fill*         0x00000000080013c8        0x8 00
 .rodata.default_config.3252
                0x00000000080013d0        0xc build/obj/main.o
 *(.glue_7t)
 .glue_7t       0x0000000000000000        0x0 linker stubs
 *(.glue_7)
 .glue_7        0x0000000000000000        0x0 linker stubs
 *(.gcc*)

.vfp11_veneer   0x00000000080013dc        0x0
 .vfp11_veneer  0x0000000000000000        0x0 linker stubs

.v4_bx          0x00000000080013dc        0x0
 .v4_bx         0x0000000000000000        0x0 linker stubs

.ARM.extab
 *(.ARM.extab* .gnu.linkonce.armextab.*)

.ARM.exidx      0x00000000080013dc        0x0
                0x00000000080013dc                PROVIDE (__exidx_start, .)
 *(.ARM.exidx* .gnu.linkonce.armexidx.*)
                0x00000000080013dc                PROVIDE (__exidx_end, .)

.eh_frame_hdr
 *(.eh_frame_hdr)

.eh_frame
 *(.eh_frame)

.textalign      0x00000000080013dc        0x4
                0x00000000080013e0                . = ALIGN (0x8)
 *fill*         0x00000000080013dc        0x4 00
                0x00000000080013e0                _etext = .
                0x00000000080013e0                _textdata = _etext

.stacks         0x0000000020000000      0x800
                0x0000000020000000                . = ALIGN (0x8)
                0x0000000020000000                __main_stack_base__ = .
                0x0000000020000400                . = (. + __main_stack_size__)
 *fill*         0x0000000020000000      0x400 00
                0x0000000020000400                . = ALIGN (0x8)
                0x0000000020000400                __main_stack_end__ = .
                0x0000000020000400                __process_stack_base__ = .
                0x0000000020000400                __main_thread_stack_base__ = .
                0x0000000020000800                . = (. + __process_stack_size__)
 *fill*         0x0000000020000400      0x400 00
                0x0000000020000800                . = ALIGN (0x8)
                0x0000000020000800                __process_stack_end__ = .
                0x0000000020000800                __main_thread_stack_end__ = .

.data           0x0000000020000800        0x0 load address 0x00000000080013e0
                0x0000000020000800                . = ALIGN (0x4)
                0x0000000020000800                PROVIDE (_data, .)
 *(.data)
                0x0000000020000800                . = ALIGN (0x4)
 *(.data.*)
                0x0000000020000800                . = ALIGN (0x4)
 *(.ramtext)
                0x0000000020000800                . = ALIGN (0x4)
                0x0000000020000800                PROVIDE (_edata, .)

.bss            0x0000000020000800      0x308 load address 0x00000000080013e0
                0x0000000020000800                . = ALIGN (0x4)
                0x0000000020000800                PROVIDE (_bss_start, .)
 *(.bss)
                0x0000000020000800                . = ALIGN (0x4)
 *(.bss.*)
 .bss.mainthread.1984
                0x0000000020000800       0x48 build/obj/chsys.o
 .bss._idle_thread_wa
                0x0000000020000848       0xc0 build/obj/chsys.o
                0x0000000020000848                _idle_thread_wa
 .bss.vtlist    0x0000000020000908       0x10 build/obj/chvt.o
                0x0000000020000908                vtlist
 .bss.rlist     0x0000000020000918       0x1c build/obj/chschd.o
                0x0000000020000918                rlist
 .bss.endmem    0x0000000020000934        0x4 build/obj/chmemcore.o
 .bss.nextmem   0x0000000020000938        0x4 build/obj/chmemcore.o
 *fill*         0x000000002000093c        0x4 00
 .bss.default_heap
                0x0000000020000940       0x20 build/obj/chheap.o
 .bss.SD4       0x0000000020000960       0x78 build/obj/serial_lld.o
                0x0000000020000960                SD4
 .bss.waThread1
                0x00000000200009d8      0x130 build/obj/main.o
                0x0000000020000b08                . = ALIGN (0x4)
 *(COMMON)
                0x0000000020000b08                . = ALIGN (0x4)
                0x0000000020000b08                PROVIDE (_bss_end, .)
                0x0000000020000b08                PROVIDE (end, .)
                0x0000000020000b08                _end = .
                0x0000000020000b08                __heap_base__ = _end
                0x0000000020010000                __heap_end__ = __ram_end__
OUTPUT(build/ch.elf elf32-littlearm)

.debug_info     0x0000000000000000    0x169a9
 .debug_info    0x0000000000000000      0x342 build/obj/crt0.o
 .debug_info    0x0000000000000342      0x1f5 build/obj/vectors.o
 .debug_info    0x0000000000000537       0x92 build/obj/chcore.o
 .debug_info    0x00000000000005c9      0x7f2 build/obj/chcore_v7m.o
 .debug_info    0x0000000000000dbb      0x440 build/obj/nvic.o
 .debug_info    0x00000000000011fb      0x7d2 build/obj/chsys.o
 .debug_info    0x00000000000019cd       0x7a build/obj/chdebug.o
 .debug_info    0x0000000000001a47       0x7a build/obj/chlists.o
 .debug_info    0x0000000000001ac1      0x275 build/obj/chvt.o
 .debug_info    0x0000000000001d36      0x8da build/obj/chschd.o
 .debug_info    0x0000000000002610      0xac2 build/obj/chthreads.o
 .debug_info    0x00000000000030d2      0x771 build/obj/chdynamic.o
 .debug_info    0x0000000000003843      0x66d build/obj/chregistry.o
 .debug_info    0x0000000000003eb0      0x9fc build/obj/chsem.o
 .debug_info    0x00000000000048ac      0x97e build/obj/chmtx.o
 .debug_info    0x000000000000522a      0x890 build/obj/chcond.o
 .debug_info    0x0000000000005aba      0xcfe build/obj/chevents.o
 .debug_info    0x00000000000067b8      0x641 build/obj/chmsg.o
 .debug_info    0x0000000000006df9      0x89d build/obj/chmboxes.o
 .debug_info    0x0000000000007696      0xb62 build/obj/chqueues.o
 .debug_info    0x00000000000081f8      0x228 build/obj/chmemcore.o
 .debug_info    0x0000000000008420      0x65f build/obj/chheap.o
 .debug_info    0x0000000000008a7f      0x41b build/obj/chmempools.o
 .debug_info    0x0000000000008e9a      0xf7b build/obj/test.o
 .debug_info    0x0000000000009e15      0x807 build/obj/testthd.o
 .debug_info    0x000000000000a61c      0x9e6 build/obj/testsem.o
 .debug_info    0x000000000000b002      0xc87 build/obj/testmtx.o
 .debug_info    0x000000000000bc89      0x5a7 build/obj/testmsg.o
 .debug_info    0x000000000000c230      0xe3d build/obj/testmbox.o
 .debug_info    0x000000000000d06d      0x98e build/obj/testevt.o
 .debug_info    0x000000000000d9fb      0x690 build/obj/testheap.o
 .debug_info    0x000000000000e08b      0x281 build/obj/testpools.o
 .debug_info    0x000000000000e30c      0x914 build/obj/testdyn.o
 .debug_info    0x000000000000ec20     0x1153 build/obj/testqueues.o
 .debug_info    0x000000000000fd73      0xde3 build/obj/testbmk.o
 .debug_info    0x0000000000010b56      0x2fa build/obj/hal.o
 .debug_info    0x0000000000010e50       0xa6 build/obj/adc.o
 .debug_info    0x0000000000010ef6       0xa6 build/obj/can.o
 .debug_info    0x0000000000010f9c       0xa6 build/obj/ext.o
 .debug_info    0x0000000000011042       0xa6 build/obj/gpt.o
 .debug_info    0x00000000000110e8       0xa6 build/obj/i2c.o
 .debug_info    0x000000000001118e       0xa6 build/obj/icu.o
 .debug_info    0x0000000000011234       0xa6 build/obj/mac.o
 .debug_info    0x00000000000112da       0xa6 build/obj/mmc_spi.o
 .debug_info    0x0000000000011380       0xa6 build/obj/mmcsd.o
 .debug_info    0x0000000000011426      0x249 build/obj/pal.o
 .debug_info    0x000000000001166f       0xa6 build/obj/pwm.o
 .debug_info    0x0000000000011715       0xa6 build/obj/rtc.o
 .debug_info    0x00000000000117bb       0xa6 build/obj/sdc.o
 .debug_info    0x0000000000011861      0xca6 build/obj/serial.o
 .debug_info    0x0000000000012507       0xa6 build/obj/serial_usb.o
 .debug_info    0x00000000000125ad       0xa6 build/obj/spi.o
 .debug_info    0x0000000000012653       0xa6 build/obj/tm.o
 .debug_info    0x00000000000126f9       0xa6 build/obj/uart.o
 .debug_info    0x000000000001279f       0xa6 build/obj/usb.o
 .debug_info    0x0000000000012845       0xa6 build/obj/stm32_dma.o
 .debug_info    0x00000000000128eb      0x3d7 build/obj/hal_lld.o
 .debug_info    0x0000000000012cc2       0xa6 build/obj/adc_lld.o
 .debug_info    0x0000000000012d68       0xa6 build/obj/ext_lld_isr.o
 .debug_info    0x0000000000012e0e       0xa6 build/obj/can_lld.o
 .debug_info    0x0000000000012eb4       0xa6 build/obj/ext_lld.o
 .debug_info    0x0000000000012f5a       0xa6 build/obj/mac_lld.o
 .debug_info    0x0000000000013000       0xa6 build/obj/sdc_lld.o
 .debug_info    0x00000000000130a6      0x3bd build/obj/pal_lld.o
 .debug_info    0x0000000000013463       0xa6 build/obj/i2c_lld.o
 .debug_info    0x0000000000013509       0xa6 build/obj/rtc_lld.o
 .debug_info    0x00000000000135af       0xa6 build/obj/spi_lld.o
 .debug_info    0x0000000000013655       0xa6 build/obj/gpt_lld.o
 .debug_info    0x00000000000136fb       0xa6 build/obj/icu_lld.o
 .debug_info    0x00000000000137a1       0xa6 build/obj/pwm_lld.o
 .debug_info    0x0000000000013847      0xf6b build/obj/serial_lld.o
 .debug_info    0x00000000000147b2       0xa6 build/obj/uart_lld.o
 .debug_info    0x0000000000014858       0xa6 build/obj/usb_lld.o
 .debug_info    0x00000000000148fe      0x207 build/obj/board.o
 .debug_info    0x0000000000014b05      0x639 build/obj/evtimer.o
 .debug_info    0x000000000001513e      0xccd build/obj/syscalls.o
 .debug_info    0x0000000000015e0b      0xacf build/obj/main.o
 .debug_info    0x00000000000168da       0xcf /opt/paparazzi/arm-multilib/lib/gcc/arm-none-eabi/4.6.2/../../../../arm-none-eabi/lib/libc.a(lib_a-memset.o)

.debug_abbrev   0x0000000000000000     0x5a6d
 .debug_abbrev  0x0000000000000000       0xe1 build/obj/crt0.o
 .debug_abbrev  0x00000000000000e1       0xae build/obj/vectors.o
 .debug_abbrev  0x000000000000018f       0x41 build/obj/chcore.o
 .debug_abbrev  0x00000000000001d0      0x1b4 build/obj/chcore_v7m.o
 .debug_abbrev  0x0000000000000384       0xec build/obj/nvic.o
 .debug_abbrev  0x0000000000000470      0x187 build/obj/chsys.o
 .debug_abbrev  0x00000000000005f7       0x2a build/obj/chdebug.o
 .debug_abbrev  0x0000000000000621       0x2a build/obj/chlists.o
 .debug_abbrev  0x000000000000064b      0x163 build/obj/chvt.o
 .debug_abbrev  0x00000000000007ae      0x2ab build/obj/chschd.o
 .debug_abbrev  0x0000000000000a59      0x2cf build/obj/chthreads.o
 .debug_abbrev  0x0000000000000d28      0x1a6 build/obj/chdynamic.o
 .debug_abbrev  0x0000000000000ece      0x168 build/obj/chregistry.o
 .debug_abbrev  0x0000000000001036      0x28e build/obj/chsem.o
 .debug_abbrev  0x00000000000012c4      0x297 build/obj/chmtx.o
 .debug_abbrev  0x000000000000155b      0x264 build/obj/chcond.o
 .debug_abbrev  0x00000000000017bf      0x29f build/obj/chevents.o
 .debug_abbrev  0x0000000000001a5e      0x1b7 build/obj/chmsg.o
 .debug_abbrev  0x0000000000001c15      0x1dc build/obj/chmboxes.o
 .debug_abbrev  0x0000000000001df1      0x298 build/obj/chqueues.o
 .debug_abbrev  0x0000000000002089      0x160 build/obj/chmemcore.o
 .debug_abbrev  0x00000000000021e9      0x1ad build/obj/chheap.o
 .debug_abbrev  0x0000000000002396      0x20a build/obj/chmempools.o
 .debug_abbrev  0x00000000000025a0      0x445 build/obj/test.o
 .debug_abbrev  0x00000000000029e5      0x208 build/obj/testthd.o
 .debug_abbrev  0x0000000000002bed      0x26b build/obj/testsem.o
 .debug_abbrev  0x0000000000002e58      0x294 build/obj/testmtx.o
 .debug_abbrev  0x00000000000030ec      0x164 build/obj/testmsg.o
 .debug_abbrev  0x0000000000003250      0x1e3 build/obj/testmbox.o
 .debug_abbrev  0x0000000000003433      0x24e build/obj/testevt.o
 .debug_abbrev  0x0000000000003681      0x19d build/obj/testheap.o
 .debug_abbrev  0x000000000000381e      0x179 build/obj/testpools.o
 .debug_abbrev  0x0000000000003997      0x204 build/obj/testdyn.o
 .debug_abbrev  0x0000000000003b9b      0x244 build/obj/testqueues.o
 .debug_abbrev  0x0000000000003ddf      0x2d1 build/obj/testbmk.o
 .debug_abbrev  0x00000000000040b0      0x172 build/obj/hal.o
 .debug_abbrev  0x0000000000004222       0x4f build/obj/adc.o
 .debug_abbrev  0x0000000000004271       0x4f build/obj/can.o
 .debug_abbrev  0x00000000000042c0       0x4f build/obj/ext.o
 .debug_abbrev  0x000000000000430f       0x4f build/obj/gpt.o
 .debug_abbrev  0x000000000000435e       0x4f build/obj/i2c.o
 .debug_abbrev  0x00000000000043ad       0x4f build/obj/icu.o
 .debug_abbrev  0x00000000000043fc       0x4f build/obj/mac.o
 .debug_abbrev  0x000000000000444b       0x4f build/obj/mmc_spi.o
 .debug_abbrev  0x000000000000449a       0x4f build/obj/mmcsd.o
 .debug_abbrev  0x00000000000044e9      0x10b build/obj/pal.o
 .debug_abbrev  0x00000000000045f4       0x4f build/obj/pwm.o
 .debug_abbrev  0x0000000000004643       0x4f build/obj/rtc.o
 .debug_abbrev  0x0000000000004692       0x4f build/obj/sdc.o
 .debug_abbrev  0x00000000000046e1      0x207 build/obj/serial.o
 .debug_abbrev  0x00000000000048e8       0x4f build/obj/serial_usb.o
 .debug_abbrev  0x0000000000004937       0x4f build/obj/spi.o
 .debug_abbrev  0x0000000000004986       0x4f build/obj/tm.o
 .debug_abbrev  0x00000000000049d5       0x4f build/obj/uart.o
 .debug_abbrev  0x0000000000004a24       0x4f build/obj/usb.o
 .debug_abbrev  0x0000000000004a73       0x4f build/obj/stm32_dma.o
 .debug_abbrev  0x0000000000004ac2       0xf6 build/obj/hal_lld.o
 .debug_abbrev  0x0000000000004bb8       0x4f build/obj/adc_lld.o
 .debug_abbrev  0x0000000000004c07       0x4f build/obj/ext_lld_isr.o
 .debug_abbrev  0x0000000000004c56       0x4f build/obj/can_lld.o
 .debug_abbrev  0x0000000000004ca5       0x4f build/obj/ext_lld.o
 .debug_abbrev  0x0000000000004cf4       0x4f build/obj/mac_lld.o
 .debug_abbrev  0x0000000000004d43       0x4f build/obj/sdc_lld.o
 .debug_abbrev  0x0000000000004d92      0x138 build/obj/pal_lld.o
 .debug_abbrev  0x0000000000004eca       0x4f build/obj/i2c_lld.o
 .debug_abbrev  0x0000000000004f19       0x4f build/obj/rtc_lld.o
 .debug_abbrev  0x0000000000004f68       0x4f build/obj/spi_lld.o
 .debug_abbrev  0x0000000000004fb7       0x4f build/obj/gpt_lld.o
 .debug_abbrev  0x0000000000005006       0x4f build/obj/icu_lld.o
 .debug_abbrev  0x0000000000005055       0x4f build/obj/pwm_lld.o
 .debug_abbrev  0x00000000000050a4      0x2bd build/obj/serial_lld.o
 .debug_abbrev  0x0000000000005361       0x4f build/obj/uart_lld.o
 .debug_abbrev  0x00000000000053b0       0x4f build/obj/usb_lld.o
 .debug_abbrev  0x00000000000053ff       0xe4 build/obj/board.o
 .debug_abbrev  0x00000000000054e3      0x155 build/obj/evtimer.o
 .debug_abbrev  0x0000000000005638      0x1dc build/obj/syscalls.o
 .debug_abbrev  0x0000000000005814      0x1ce build/obj/main.o
 .debug_abbrev  0x00000000000059e2       0x8b /opt/paparazzi/arm-multilib/lib/gcc/arm-none-eabi/4.6.2/../../../../arm-none-eabi/lib/libc.a(lib_a-memset.o)

.debug_loc      0x0000000000000000     0x6e27
 .debug_loc     0x0000000000000000       0x72 build/obj/crt0.o
 .debug_loc     0x0000000000000072       0xf4 build/obj/chcore_v7m.o
 .debug_loc     0x0000000000000166      0x10a build/obj/nvic.o
 .debug_loc     0x0000000000000270       0xcf build/obj/chsys.o
 .debug_loc     0x000000000000033f       0xb4 build/obj/chvt.o
 .debug_loc     0x00000000000003f3      0x300 build/obj/chschd.o
 .debug_loc     0x00000000000006f3      0x4e7 build/obj/chthreads.o
 .debug_loc     0x0000000000000bda      0x2c0 build/obj/chdynamic.o
 .debug_loc     0x0000000000000e9a       0xc9 build/obj/chregistry.o
 .debug_loc     0x0000000000000f63      0x58e build/obj/chsem.o
 .debug_loc     0x00000000000014f1      0x4ce build/obj/chmtx.o
 .debug_loc     0x00000000000019bf      0x466 build/obj/chcond.o
 .debug_loc     0x0000000000001e25      0x814 build/obj/chevents.o
 .debug_loc     0x0000000000002639      0x19c build/obj/chmsg.o
 .debug_loc     0x00000000000027d5      0x532 build/obj/chmboxes.o
 .debug_loc     0x0000000000002d07      0x72c build/obj/chqueues.o
 .debug_loc     0x0000000000003433       0x9c build/obj/chmemcore.o
 .debug_loc     0x00000000000034cf      0x2a5 build/obj/chheap.o
 .debug_loc     0x0000000000003774      0x219 build/obj/chmempools.o
 .debug_loc     0x000000000000398d      0x507 build/obj/test.o
 .debug_loc     0x0000000000003e94      0x1d2 build/obj/testthd.o
 .debug_loc     0x0000000000004066      0x2a6 build/obj/testsem.o
 .debug_loc     0x000000000000430c      0x624 build/obj/testmtx.o
 .debug_loc     0x0000000000004930       0xe0 build/obj/testmsg.o
 .debug_loc     0x0000000000004a10      0x5ef build/obj/testmbox.o
 .debug_loc     0x0000000000004fff      0x254 build/obj/testevt.o
 .debug_loc     0x0000000000005253      0x1a2 build/obj/testheap.o
 .debug_loc     0x00000000000053f5       0x47 build/obj/testpools.o
 .debug_loc     0x000000000000543c      0x1df build/obj/testdyn.o
 .debug_loc     0x000000000000561b      0x673 build/obj/testqueues.o
 .debug_loc     0x0000000000005c8e      0x5e7 build/obj/testbmk.o
 .debug_loc     0x0000000000006275       0x7c build/obj/hal.o
 .debug_loc     0x00000000000062f1       0x97 build/obj/pal.o
 .debug_loc     0x0000000000006388      0x423 build/obj/serial.o
 .debug_loc     0x00000000000067ab       0x20 build/obj/hal_lld.o
 .debug_loc     0x00000000000067cb       0xf6 build/obj/pal_lld.o
 .debug_loc     0x00000000000068c1      0x25d build/obj/serial_lld.o
 .debug_loc     0x0000000000006b1e      0x13f build/obj/evtimer.o
 .debug_loc     0x0000000000006c5d      0x145 build/obj/syscalls.o
 .debug_loc     0x0000000000006da2       0x5f build/obj/main.o
 .debug_loc     0x0000000000006e01       0x26 /opt/paparazzi/arm-multilib/lib/gcc/arm-none-eabi/4.6.2/../../../../arm-none-eabi/lib/libc.a(lib_a-memset.o)

.debug_aranges  0x0000000000000000      0xd80
 .debug_aranges
                0x0000000000000000       0x38 build/obj/crt0.o
 .debug_aranges
                0x0000000000000038       0x20 build/obj/vectors.o
 .debug_aranges
                0x0000000000000058       0x20 build/obj/chcore.o
 .debug_aranges
                0x0000000000000078       0x50 build/obj/chcore_v7m.o
 .debug_aranges
                0x00000000000000c8       0x30 build/obj/nvic.o
 .debug_aranges
                0x00000000000000f8       0x30 build/obj/chsys.o
 .debug_aranges
                0x0000000000000128       0x38 build/obj/chvt.o
 .debug_aranges
                0x0000000000000160       0x68 build/obj/chschd.o
 .debug_aranges
                0x00000000000001c8       0x78 build/obj/chthreads.o
 .debug_aranges
                0x0000000000000240       0x38 build/obj/chdynamic.o
 .debug_aranges
                0x0000000000000278       0x28 build/obj/chregistry.o
 .debug_aranges
                0x00000000000002a0       0x70 build/obj/chsem.o
 .debug_aranges
                0x0000000000000310       0x58 build/obj/chmtx.o
 .debug_aranges
                0x0000000000000368       0x60 build/obj/chcond.o
 .debug_aranges
                0x00000000000003c8       0xa0 build/obj/chevents.o
 .debug_aranges
                0x0000000000000468       0x30 build/obj/chmsg.o
 .debug_aranges
                0x0000000000000498       0x70 build/obj/chmboxes.o
 .debug_aranges
                0x0000000000000508       0x70 build/obj/chqueues.o
 .debug_aranges
                0x0000000000000578       0x38 build/obj/chmemcore.o
 .debug_aranges
                0x00000000000005b0       0x40 build/obj/chheap.o
 .debug_aranges
                0x00000000000005f0       0x48 build/obj/chmempools.o
 .debug_aranges
                0x0000000000000638       0x98 build/obj/test.o
 .debug_aranges
                0x00000000000006d0       0x40 build/obj/testthd.o
 .debug_aranges
                0x0000000000000710       0x70 build/obj/testsem.o
 .debug_aranges
                0x0000000000000780      0x108 build/obj/testmtx.o
 .debug_aranges
                0x0000000000000888       0x28 build/obj/testmsg.o
 .debug_aranges
                0x00000000000008b0       0x28 build/obj/testmbox.o
 .debug_aranges
                0x00000000000008d8       0x70 build/obj/testevt.o
 .debug_aranges
                0x0000000000000948       0x28 build/obj/testheap.o
 .debug_aranges
                0x0000000000000970       0x30 build/obj/testpools.o
 .debug_aranges
                0x00000000000009a0       0x58 build/obj/testdyn.o
 .debug_aranges
                0x00000000000009f8       0x50 build/obj/testqueues.o
 .debug_aranges
                0x0000000000000a48       0xd0 build/obj/testbmk.o
 .debug_aranges
                0x0000000000000b18       0x30 build/obj/hal.o
 .debug_aranges
                0x0000000000000b48       0x30 build/obj/pal.o
 .debug_aranges
                0x0000000000000b78       0x88 build/obj/serial.o
 .debug_aranges
                0x0000000000000c00       0x28 build/obj/hal_lld.o
 .debug_aranges
                0x0000000000000c28       0x28 build/obj/pal_lld.o
 .debug_aranges
                0x0000000000000c50       0x40 build/obj/serial_lld.o
 .debug_aranges
                0x0000000000000c90       0x28 build/obj/board.o
 .debug_aranges
                0x0000000000000cb8       0x30 build/obj/evtimer.o
 .debug_aranges
                0x0000000000000ce8       0x50 build/obj/syscalls.o
 .debug_aranges
                0x0000000000000d38       0x28 build/obj/main.o
 .debug_aranges
                0x0000000000000d60       0x20 /opt/paparazzi/arm-multilib/lib/gcc/arm-none-eabi/4.6.2/../../../../arm-none-eabi/lib/libc.a(lib_a-memset.o)

.debug_ranges   0x0000000000000000     0x1698
 .debug_ranges  0x0000000000000000       0x58 build/obj/crt0.o
 .debug_ranges  0x0000000000000058       0x10 build/obj/vectors.o
 .debug_ranges  0x0000000000000068       0x10 build/obj/chcore.o
 .debug_ranges  0x0000000000000078       0x58 build/obj/chcore_v7m.o
 .debug_ranges  0x00000000000000d0       0x20 build/obj/nvic.o
 .debug_ranges  0x00000000000000f0       0x20 build/obj/chsys.o
 .debug_ranges  0x0000000000000110       0x28 build/obj/chvt.o
 .debug_ranges  0x0000000000000138      0x1b0 build/obj/chschd.o
 .debug_ranges  0x00000000000002e8      0x118 build/obj/chthreads.o
 .debug_ranges  0x0000000000000400       0x58 build/obj/chdynamic.o
 .debug_ranges  0x0000000000000458       0x30 build/obj/chregistry.o
 .debug_ranges  0x0000000000000488      0x120 build/obj/chsem.o
 .debug_ranges  0x00000000000005a8      0x208 build/obj/chmtx.o
 .debug_ranges  0x00000000000007b0       0xe0 build/obj/chcond.o
 .debug_ranges  0x0000000000000890       0xf0 build/obj/chevents.o
 .debug_ranges  0x0000000000000980       0x40 build/obj/chmsg.o
 .debug_ranges  0x00000000000009c0       0x78 build/obj/chmboxes.o
 .debug_ranges  0x0000000000000a38       0xa8 build/obj/chqueues.o
 .debug_ranges  0x0000000000000ae0       0x28 build/obj/chmemcore.o
 .debug_ranges  0x0000000000000b08       0x30 build/obj/chheap.o
 .debug_ranges  0x0000000000000b38       0xf8 build/obj/chmempools.o
 .debug_ranges  0x0000000000000c30      0x138 build/obj/test.o
 .debug_ranges  0x0000000000000d68       0xa8 build/obj/testthd.o
 .debug_ranges  0x0000000000000e10       0xc0 build/obj/testsem.o
 .debug_ranges  0x0000000000000ed0      0x110 build/obj/testmtx.o
 .debug_ranges  0x0000000000000fe0       0x18 build/obj/testmsg.o
 .debug_ranges  0x0000000000000ff8       0xc0 build/obj/testmbox.o
 .debug_ranges  0x00000000000010b8       0x90 build/obj/testevt.o
 .debug_ranges  0x0000000000001148       0x18 build/obj/testheap.o
 .debug_ranges  0x0000000000001160       0x60 build/obj/testpools.o
 .debug_ranges  0x00000000000011c0       0x48 build/obj/testdyn.o
 .debug_ranges  0x0000000000001208      0x130 build/obj/testqueues.o
 .debug_ranges  0x0000000000001338       0xd8 build/obj/testbmk.o
 .debug_ranges  0x0000000000001410       0x50 build/obj/hal.o
 .debug_ranges  0x0000000000001460       0x20 build/obj/pal.o
 .debug_ranges  0x0000000000001480       0xa8 build/obj/serial.o
 .debug_ranges  0x0000000000001528       0x38 build/obj/hal_lld.o
 .debug_ranges  0x0000000000001560       0x18 build/obj/pal_lld.o
 .debug_ranges  0x0000000000001578       0x60 build/obj/serial_lld.o
 .debug_ranges  0x00000000000015d8       0x18 build/obj/board.o
 .debug_ranges  0x00000000000015f0       0x50 build/obj/evtimer.o
 .debug_ranges  0x0000000000001640       0x40 build/obj/syscalls.o
 .debug_ranges  0x0000000000001680       0x18 build/obj/main.o

.debug_line     0x0000000000000000     0x7aa8
 .debug_line    0x0000000000000000      0x12d build/obj/crt0.o
 .debug_line    0x000000000000012d       0xc4 build/obj/vectors.o
 .debug_line    0x00000000000001f1       0x53 build/obj/chcore.o
 .debug_line    0x0000000000000244      0x1ed build/obj/chcore_v7m.o
 .debug_line    0x0000000000000431      0x100 build/obj/nvic.o
 .debug_line    0x0000000000000531      0x196 build/obj/chsys.o
 .debug_line    0x00000000000006c7       0x1d build/obj/chdebug.o
 .debug_line    0x00000000000006e4       0x1d build/obj/chlists.o
 .debug_line    0x0000000000000701      0x164 build/obj/chvt.o
 .debug_line    0x0000000000000865      0x318 build/obj/chschd.o
 .debug_line    0x0000000000000b7d      0x342 build/obj/chthreads.o
 .debug_line    0x0000000000000ebf      0x218 build/obj/chdynamic.o
 .debug_line    0x00000000000010d7      0x1b6 build/obj/chregistry.o
 .debug_line    0x000000000000128d      0x305 build/obj/chsem.o
 .debug_line    0x0000000000001592      0x334 build/obj/chmtx.o
 .debug_line    0x00000000000018c6      0x269 build/obj/chcond.o
 .debug_line    0x0000000000001b2f      0x319 build/obj/chevents.o
 .debug_line    0x0000000000001e48      0x19d build/obj/chmsg.o
 .debug_line    0x0000000000001fe5      0x262 build/obj/chmboxes.o
 .debug_line    0x0000000000002247      0x382 build/obj/chqueues.o
 .debug_line    0x00000000000025c9      0x14e build/obj/chmemcore.o
 .debug_line    0x0000000000002717      0x25a build/obj/chheap.o
 .debug_line    0x0000000000002971      0x1d0 build/obj/chmempools.o
 .debug_line    0x0000000000002b41      0x4a1 build/obj/test.o
 .debug_line    0x0000000000002fe2      0x1dc build/obj/testthd.o
 .debug_line    0x00000000000031be      0x2b2 build/obj/testsem.o
 .debug_line    0x0000000000003470      0x486 build/obj/testmtx.o
 .debug_line    0x00000000000038f6      0x164 build/obj/testmsg.o
 .debug_line    0x0000000000003a5a      0x1e0 build/obj/testmbox.o
 .debug_line    0x0000000000003c3a      0x271 build/obj/testevt.o
 .debug_line    0x0000000000003eab      0x1f3 build/obj/testheap.o
 .debug_line    0x000000000000409e      0x10e build/obj/testpools.o
 .debug_line    0x00000000000041ac      0x2e2 build/obj/testdyn.o
 .debug_line    0x000000000000448e      0x28a build/obj/testqueues.o
 .debug_line    0x0000000000004718      0x5b2 build/obj/testbmk.o
 .debug_line    0x0000000000004cca      0x1f8 build/obj/hal.o
 .debug_line    0x0000000000004ec2       0xbc build/obj/adc.o
 .debug_line    0x0000000000004f7e       0xbc build/obj/can.o
 .debug_line    0x000000000000503a       0xbc build/obj/ext.o
 .debug_line    0x00000000000050f6       0xbc build/obj/gpt.o
 .debug_line    0x00000000000051b2       0xbc build/obj/i2c.o
 .debug_line    0x000000000000526e       0xbc build/obj/icu.o
 .debug_line    0x000000000000532a       0xbc build/obj/mac.o
 .debug_line    0x00000000000053e6       0xbc build/obj/mmc_spi.o
 .debug_line    0x00000000000054a2       0xbc build/obj/mmcsd.o
 .debug_line    0x000000000000555e      0x192 build/obj/pal.o
 .debug_line    0x00000000000056f0       0xbc build/obj/pwm.o
 .debug_line    0x00000000000057ac       0xbc build/obj/rtc.o
 .debug_line    0x0000000000005868       0xbc build/obj/sdc.o
 .debug_line    0x0000000000005924      0x362 build/obj/serial.o
 .debug_line    0x0000000000005c86       0xbc build/obj/serial_usb.o
 .debug_line    0x0000000000005d42       0xbc build/obj/spi.o
 .debug_line    0x0000000000005dfe       0xbc build/obj/tm.o
 .debug_line    0x0000000000005eba       0xbc build/obj/uart.o
 .debug_line    0x0000000000005f76       0xbc build/obj/usb.o
 .debug_line    0x0000000000006032       0xbc build/obj/stm32_dma.o
 .debug_line    0x00000000000060ee      0x1ae build/obj/hal_lld.o
 .debug_line    0x000000000000629c       0xbc build/obj/adc_lld.o
 .debug_line    0x0000000000006358       0xbc build/obj/ext_lld_isr.o
 .debug_line    0x0000000000006414       0xbc build/obj/can_lld.o
 .debug_line    0x00000000000064d0       0xbc build/obj/ext_lld.o
 .debug_line    0x000000000000658c       0xbc build/obj/mac_lld.o
 .debug_line    0x0000000000006648       0xbc build/obj/sdc_lld.o
 .debug_line    0x0000000000006704      0x194 build/obj/pal_lld.o
 .debug_line    0x0000000000006898       0xbc build/obj/i2c_lld.o
 .debug_line    0x0000000000006954       0xbc build/obj/rtc_lld.o
 .debug_line    0x0000000000006a10       0xbc build/obj/spi_lld.o
 .debug_line    0x0000000000006acc       0xbc build/obj/gpt_lld.o
 .debug_line    0x0000000000006b88       0xbc build/obj/icu_lld.o
 .debug_line    0x0000000000006c44       0xbc build/obj/pwm_lld.o
 .debug_line    0x0000000000006d00      0x307 build/obj/serial_lld.o
 .debug_line    0x0000000000007007       0xbc build/obj/uart_lld.o
 .debug_line    0x00000000000070c3       0xbc build/obj/usb_lld.o
 .debug_line    0x000000000000717f      0x16d build/obj/board.o
 .debug_line    0x00000000000072ec      0x189 build/obj/evtimer.o
 .debug_line    0x0000000000007475      0x1a6 build/obj/syscalls.o
 .debug_line    0x000000000000761b      0x352 build/obj/main.o
 .debug_line    0x000000000000796d      0x13b /opt/paparazzi/arm-multilib/lib/gcc/arm-none-eabi/4.6.2/../../../../arm-none-eabi/lib/libc.a(lib_a-memset.o)

.debug_str      0x0000000000000000     0x2f4b
 .debug_str     0x0000000000000000      0x1f3 build/obj/crt0.o
                                        0x227 (size before relaxing)
 .debug_str     0x00000000000001f3      0x13c build/obj/vectors.o
                                        0x24e (size before relaxing)
 .debug_str     0x000000000000032f       0x2d build/obj/chcore.o
                                        0x121 (size before relaxing)
 .debug_str     0x000000000000035c      0x291 build/obj/chcore_v7m.o
                                        0x3ac (size before relaxing)
 .debug_str     0x00000000000005ed       0xbb build/obj/nvic.o
                                        0x218 (size before relaxing)
 .debug_str     0x00000000000006a8      0x1c3 build/obj/chsys.o
                                        0x46e (size before relaxing)
 .debug_str     0x000000000000086b       0x1e build/obj/chdebug.o
                                        0x112 (size before relaxing)
 .debug_str     0x0000000000000889       0x1e build/obj/chlists.o
                                        0x112 (size before relaxing)
 .debug_str     0x00000000000008a7       0x55 build/obj/chvt.o
                                        0x1bd (size before relaxing)
 .debug_str     0x00000000000008fc       0xed build/obj/chschd.o
                                        0x3e2 (size before relaxing)
 .debug_str     0x00000000000009e9       0xec build/obj/chthreads.o
                                        0x3fc (size before relaxing)
 .debug_str     0x0000000000000ad5       0xf2 build/obj/chdynamic.o
                                        0x39d (size before relaxing)
 .debug_str     0x0000000000000bc7       0x42 build/obj/chregistry.o
                                        0x3e4 (size before relaxing)
 .debug_str     0x0000000000000c09       0xc8 build/obj/chsem.o
                                        0x39a (size before relaxing)
 .debug_str     0x0000000000000cd1       0x8a build/obj/chmtx.o
                                        0x350 (size before relaxing)
 .debug_str     0x0000000000000d5b       0xb0 build/obj/chcond.o
                                        0x370 (size before relaxing)
 .debug_str     0x0000000000000e0b      0x1b9 build/obj/chevents.o
                                        0x46c (size before relaxing)
 .debug_str     0x0000000000000fc4       0x3d build/obj/chmsg.o
                                        0x2f9 (size before relaxing)
 .debug_str     0x0000000000001001       0xe2 build/obj/chmboxes.o
                                        0x369 (size before relaxing)
 .debug_str     0x00000000000010e3      0x119 build/obj/chqueues.o
                                        0x3f2 (size before relaxing)
 .debug_str     0x00000000000011fc       0x7b build/obj/chmemcore.o
                                        0x18c (size before relaxing)
 .debug_str     0x0000000000001277       0x6a build/obj/chheap.o
                                        0x34c (size before relaxing)
 .debug_str     0x00000000000012e1       0x6c build/obj/chmempools.o
                                        0x1da (size before relaxing)
 .debug_str     0x000000000000134d      0x264 build/obj/test.o
                                        0x5c8 (size before relaxing)
 .debug_str     0x00000000000015b1       0x6d build/obj/testthd.o
                                        0x3af (size before relaxing)
 .debug_str     0x000000000000161e       0xd6 build/obj/testsem.o
                                        0x42a (size before relaxing)
 .debug_str     0x00000000000016f4      0x194 build/obj/testmtx.o
                                        0x4ee (size before relaxing)
 .debug_str     0x0000000000001888       0x2b build/obj/testmsg.o
                                        0x30d (size before relaxing)
 .debug_str     0x00000000000018b3       0x3f build/obj/testmbox.o
                                        0x366 (size before relaxing)
 .debug_str     0x00000000000018f2       0x7f build/obj/testevt.o
                                        0x435 (size before relaxing)
 .debug_str     0x0000000000001971       0x44 build/obj/testheap.o
                                        0x36a (size before relaxing)
 .debug_str     0x00000000000019b5       0x4c build/obj/testpools.o
                                        0x1cd (size before relaxing)
 .debug_str     0x0000000000001a01       0x86 build/obj/testdyn.o
                                        0x44d (size before relaxing)
 .debug_str     0x0000000000001a87       0x6c build/obj/testqueues.o
                                        0x40d (size before relaxing)
 .debug_str     0x0000000000001af3      0x17f build/obj/testbmk.o
                                        0x567 (size before relaxing)
 .debug_str     0x0000000000001c72       0xec build/obj/hal.o
                                        0x20b (size before relaxing)
 .debug_str     0x0000000000001d5e       0x17 build/obj/adc.o
                                        0x120 (size before relaxing)
 .debug_str     0x0000000000001d75       0x17 build/obj/can.o
                                        0x120 (size before relaxing)
 .debug_str     0x0000000000001d8c       0x17 build/obj/ext.o
                                        0x120 (size before relaxing)
 .debug_str     0x0000000000001da3       0x17 build/obj/gpt.o
                                        0x120 (size before relaxing)
 .debug_str     0x0000000000001dba       0x17 build/obj/i2c.o
                                        0x120 (size before relaxing)
 .debug_str     0x0000000000001dd1       0x17 build/obj/icu.o
                                        0x120 (size before relaxing)
 .debug_str     0x0000000000001de8       0x17 build/obj/mac.o
                                        0x120 (size before relaxing)
 .debug_str     0x0000000000001dff       0x1b build/obj/mmc_spi.o
                                        0x124 (size before relaxing)
 .debug_str     0x0000000000001e1a       0x19 build/obj/mmcsd.o
                                        0x122 (size before relaxing)
 .debug_str     0x0000000000001e33       0x93 build/obj/pal.o
                                        0x1b6 (size before relaxing)
 .debug_str     0x0000000000001ec6       0x17 build/obj/pwm.o
                                        0x120 (size before relaxing)
 .debug_str     0x0000000000001edd       0x17 build/obj/rtc.o
                                        0x120 (size before relaxing)
 .debug_str     0x0000000000001ef4       0x17 build/obj/sdc.o
                                        0x120 (size before relaxing)
 .debug_str     0x0000000000001f0b      0x14b build/obj/serial.o
                                        0x4bc (size before relaxing)
 .debug_str     0x0000000000002056       0x1e build/obj/serial_usb.o
                                        0x127 (size before relaxing)
 .debug_str     0x0000000000002074       0x17 build/obj/spi.o
                                        0x120 (size before relaxing)
 .debug_str     0x000000000000208b       0x16 build/obj/tm.o
                                        0x11f (size before relaxing)
 .debug_str     0x00000000000020a1       0x18 build/obj/uart.o
                                        0x121 (size before relaxing)
 .debug_str     0x00000000000020b9       0x17 build/obj/usb.o
                                        0x120 (size before relaxing)
 .debug_str     0x00000000000020d0       0x2d build/obj/stm32_dma.o
                                        0x136 (size before relaxing)
 .debug_str     0x00000000000020fd      0x119 build/obj/hal_lld.o
                                        0x278 (size before relaxing)
 .debug_str     0x0000000000002216       0x2b build/obj/adc_lld.o
                                        0x134 (size before relaxing)
 .debug_str     0x0000000000002241       0x2f build/obj/ext_lld_isr.o
                                        0x138 (size before relaxing)
 .debug_str     0x0000000000002270       0x27 build/obj/can_lld.o
                                        0x130 (size before relaxing)
 .debug_str     0x0000000000002297       0x27 build/obj/ext_lld.o
                                        0x130 (size before relaxing)
 .debug_str     0x00000000000022be       0x27 build/obj/mac_lld.o
                                        0x130 (size before relaxing)
 .debug_str     0x00000000000022e5       0x27 build/obj/sdc_lld.o
                                        0x130 (size before relaxing)
 .debug_str     0x000000000000230c       0x5e build/obj/pal_lld.o
                                        0x24e (size before relaxing)
 .debug_str     0x000000000000236a       0x2d build/obj/i2c_lld.o
                                        0x136 (size before relaxing)
 .debug_str     0x0000000000002397       0x2d build/obj/rtc_lld.o
                                        0x136 (size before relaxing)
 .debug_str     0x00000000000023c4       0x2d build/obj/spi_lld.o
                                        0x136 (size before relaxing)
 .debug_str     0x00000000000023f1       0x2d build/obj/gpt_lld.o
                                        0x136 (size before relaxing)
 .debug_str     0x000000000000241e       0x2d build/obj/icu_lld.o
                                        0x136 (size before relaxing)
 .debug_str     0x000000000000244b       0x2d build/obj/pwm_lld.o
                                        0x136 (size before relaxing)
 .debug_str     0x0000000000002478      0x44c build/obj/serial_lld.o
                                        0x8e9 (size before relaxing)
 .debug_str     0x00000000000028c4       0x30 build/obj/uart_lld.o
                                        0x139 (size before relaxing)
 .debug_str     0x00000000000028f4       0x2d build/obj/usb_lld.o
                                        0x136 (size before relaxing)
 .debug_str     0x0000000000002921       0x58 build/obj/board.o
                                        0x1d4 (size before relaxing)
 .debug_str     0x0000000000002979       0x52 build/obj/evtimer.o
                                        0x346 (size before relaxing)
 .debug_str     0x00000000000029cb      0x4b4 build/obj/syscalls.o
                                        0x603 (size before relaxing)
 .debug_str     0x0000000000002e7f       0x24 build/obj/main.o
                                        0x4e7 (size before relaxing)
 .debug_str     0x0000000000002ea3       0xa8 /opt/paparazzi/arm-multilib/lib/gcc/arm-none-eabi/4.6.2/../../../../arm-none-eabi/lib/libc.a(lib_a-memset.o)
                                        0x15a (size before relaxing)

.comment        0x0000000000000000       0x3c
 .comment       0x0000000000000000       0x3c build/obj/crt0.o
                                         0x3d (size before relaxing)
 .comment       0x0000000000000000       0x3d build/obj/vectors.o
 .comment       0x0000000000000000       0x3d build/obj/chcore.o
 .comment       0x0000000000000000       0x3d build/obj/chcore_v7m.o
 .comment       0x0000000000000000       0x3d build/obj/nvic.o
 .comment       0x0000000000000000       0x3d build/obj/chsys.o
 .comment       0x0000000000000000       0x3d build/obj/chdebug.o
 .comment       0x0000000000000000       0x3d build/obj/chlists.o
 .comment       0x0000000000000000       0x3d build/obj/chvt.o
 .comment       0x0000000000000000       0x3d build/obj/chschd.o
 .comment       0x0000000000000000       0x3d build/obj/chthreads.o
 .comment       0x0000000000000000       0x3d build/obj/chdynamic.o
 .comment       0x0000000000000000       0x3d build/obj/chregistry.o
 .comment       0x0000000000000000       0x3d build/obj/chsem.o
 .comment       0x0000000000000000       0x3d build/obj/chmtx.o
 .comment       0x0000000000000000       0x3d build/obj/chcond.o
 .comment       0x0000000000000000       0x3d build/obj/chevents.o
 .comment       0x0000000000000000       0x3d build/obj/chmsg.o
 .comment       0x0000000000000000       0x3d build/obj/chmboxes.o
 .comment       0x0000000000000000       0x3d build/obj/chqueues.o
 .comment       0x0000000000000000       0x3d build/obj/chmemcore.o
 .comment       0x0000000000000000       0x3d build/obj/chheap.o
 .comment       0x0000000000000000       0x3d build/obj/chmempools.o
 .comment       0x0000000000000000       0x3d build/obj/test.o
 .comment       0x0000000000000000       0x3d build/obj/testthd.o
 .comment       0x0000000000000000       0x3d build/obj/testsem.o
 .comment       0x0000000000000000       0x3d build/obj/testmtx.o
 .comment       0x0000000000000000       0x3d build/obj/testmsg.o
 .comment       0x0000000000000000       0x3d build/obj/testmbox.o
 .comment       0x0000000000000000       0x3d build/obj/testevt.o
 .comment       0x0000000000000000       0x3d build/obj/testheap.o
 .comment       0x0000000000000000       0x3d build/obj/testpools.o
 .comment       0x0000000000000000       0x3d build/obj/testdyn.o
 .comment       0x0000000000000000       0x3d build/obj/testqueues.o
 .comment       0x0000000000000000       0x3d build/obj/testbmk.o
 .comment       0x0000000000000000       0x3d build/obj/hal.o
 .comment       0x0000000000000000       0x3d build/obj/adc.o
 .comment       0x0000000000000000       0x3d build/obj/can.o
 .comment       0x0000000000000000       0x3d build/obj/ext.o
 .comment       0x0000000000000000       0x3d build/obj/gpt.o
 .comment       0x0000000000000000       0x3d build/obj/i2c.o
 .comment       0x0000000000000000       0x3d build/obj/icu.o
 .comment       0x0000000000000000       0x3d build/obj/mac.o
 .comment       0x0000000000000000       0x3d build/obj/mmc_spi.o
 .comment       0x0000000000000000       0x3d build/obj/mmcsd.o
 .comment       0x0000000000000000       0x3d build/obj/pal.o
 .comment       0x0000000000000000       0x3d build/obj/pwm.o
 .comment       0x0000000000000000       0x3d build/obj/rtc.o
 .comment       0x0000000000000000       0x3d build/obj/sdc.o
 .comment       0x0000000000000000       0x3d build/obj/serial.o
 .comment       0x0000000000000000       0x3d build/obj/serial_usb.o
 .comment       0x0000000000000000       0x3d build/obj/spi.o
 .comment       0x0000000000000000       0x3d build/obj/tm.o
 .comment       0x0000000000000000       0x3d build/obj/uart.o
 .comment       0x0000000000000000       0x3d build/obj/usb.o
 .comment       0x0000000000000000       0x3d build/obj/stm32_dma.o
 .comment       0x0000000000000000       0x3d build/obj/hal_lld.o
 .comment       0x0000000000000000       0x3d build/obj/adc_lld.o
 .comment       0x0000000000000000       0x3d build/obj/ext_lld_isr.o
 .comment       0x0000000000000000       0x3d build/obj/can_lld.o
 .comment       0x0000000000000000       0x3d build/obj/ext_lld.o
 .comment       0x0000000000000000       0x3d build/obj/mac_lld.o
 .comment       0x0000000000000000       0x3d build/obj/sdc_lld.o
 .comment       0x0000000000000000       0x3d build/obj/pal_lld.o
 .comment       0x0000000000000000       0x3d build/obj/i2c_lld.o
 .comment       0x0000000000000000       0x3d build/obj/rtc_lld.o
 .comment       0x0000000000000000       0x3d build/obj/spi_lld.o
 .comment       0x0000000000000000       0x3d build/obj/gpt_lld.o
 .comment       0x0000000000000000       0x3d build/obj/icu_lld.o
 .comment       0x0000000000000000       0x3d build/obj/pwm_lld.o
 .comment       0x0000000000000000       0x3d build/obj/serial_lld.o
 .comment       0x0000000000000000       0x3d build/obj/uart_lld.o
 .comment       0x0000000000000000       0x3d build/obj/usb_lld.o
 .comment       0x0000000000000000       0x3d build/obj/board.o
 .comment       0x0000000000000000       0x3d build/obj/evtimer.o
 .comment       0x0000000000000000       0x3d build/obj/syscalls.o
 .comment       0x0000000000000000       0x3d build/obj/main.o
 .comment       0x0000000000000000       0x3d /opt/paparazzi/arm-multilib/lib/gcc/arm-none-eabi/4.6.2/../../../../arm-none-eabi/lib/libc.a(lib_a-memset.o)

.ARM.attributes
                0x0000000000000000       0x33
 .ARM.attributes
                0x0000000000000000       0x31 build/obj/crt0.o
 .ARM.attributes
                0x0000000000000031       0x31 build/obj/vectors.o
 .ARM.attributes
                0x0000000000000062       0x31 build/obj/chcore.o
 .ARM.attributes
                0x0000000000000093       0x31 build/obj/chcore_v7m.o
 .ARM.attributes
                0x00000000000000c4       0x31 build/obj/nvic.o
 .ARM.attributes
                0x00000000000000f5       0x31 build/obj/chsys.o
 .ARM.attributes
                0x0000000000000126       0x31 build/obj/chdebug.o
 .ARM.attributes
                0x0000000000000157       0x31 build/obj/chlists.o
 .ARM.attributes
                0x0000000000000188       0x31 build/obj/chvt.o
 .ARM.attributes
                0x00000000000001b9       0x31 build/obj/chschd.o
 .ARM.attributes
                0x00000000000001ea       0x31 build/obj/chthreads.o
 .ARM.attributes
                0x000000000000021b       0x31 build/obj/chdynamic.o
 .ARM.attributes
                0x000000000000024c       0x31 build/obj/chregistry.o
 .ARM.attributes
                0x000000000000027d       0x31 build/obj/chsem.o
 .ARM.attributes
                0x00000000000002ae       0x31 build/obj/chmtx.o
 .ARM.attributes
                0x00000000000002df       0x31 build/obj/chcond.o
 .ARM.attributes
                0x0000000000000310       0x31 build/obj/chevents.o
 .ARM.attributes
                0x0000000000000341       0x31 build/obj/chmsg.o
 .ARM.attributes
                0x0000000000000372       0x31 build/obj/chmboxes.o
 .ARM.attributes
                0x00000000000003a3       0x31 build/obj/chqueues.o
 .ARM.attributes
                0x00000000000003d4       0x31 build/obj/chmemcore.o
 .ARM.attributes
                0x0000000000000405       0x31 build/obj/chheap.o
 .ARM.attributes
                0x0000000000000436       0x31 build/obj/chmempools.o
 .ARM.attributes
                0x0000000000000467       0x31 build/obj/test.o
 .ARM.attributes
                0x0000000000000498       0x31 build/obj/testthd.o
 .ARM.attributes
                0x00000000000004c9       0x31 build/obj/testsem.o
 .ARM.attributes
                0x00000000000004fa       0x31 build/obj/testmtx.o
 .ARM.attributes
                0x000000000000052b       0x31 build/obj/testmsg.o
 .ARM.attributes
                0x000000000000055c       0x31 build/obj/testmbox.o
 .ARM.attributes
                0x000000000000058d       0x31 build/obj/testevt.o
 .ARM.attributes
                0x00000000000005be       0x31 build/obj/testheap.o
 .ARM.attributes
                0x00000000000005ef       0x31 build/obj/testpools.o
 .ARM.attributes
                0x0000000000000620       0x31 build/obj/testdyn.o
 .ARM.attributes
                0x0000000000000651       0x31 build/obj/testqueues.o
 .ARM.attributes
                0x0000000000000682       0x31 build/obj/testbmk.o
 .ARM.attributes
                0x00000000000006b3       0x31 build/obj/hal.o
 .ARM.attributes
                0x00000000000006e4       0x31 build/obj/adc.o
 .ARM.attributes
                0x0000000000000715       0x31 build/obj/can.o
 .ARM.attributes
                0x0000000000000746       0x31 build/obj/ext.o
 .ARM.attributes
                0x0000000000000777       0x31 build/obj/gpt.o
 .ARM.attributes
                0x00000000000007a8       0x31 build/obj/i2c.o
 .ARM.attributes
                0x00000000000007d9       0x31 build/obj/icu.o
 .ARM.attributes
                0x000000000000080a       0x31 build/obj/mac.o
 .ARM.attributes
                0x000000000000083b       0x31 build/obj/mmc_spi.o
 .ARM.attributes
                0x000000000000086c       0x31 build/obj/mmcsd.o
 .ARM.attributes
                0x000000000000089d       0x31 build/obj/pal.o
 .ARM.attributes
                0x00000000000008ce       0x31 build/obj/pwm.o
 .ARM.attributes
                0x00000000000008ff       0x31 build/obj/rtc.o
 .ARM.attributes
                0x0000000000000930       0x31 build/obj/sdc.o
 .ARM.attributes
                0x0000000000000961       0x31 build/obj/serial.o
 .ARM.attributes
                0x0000000000000992       0x31 build/obj/serial_usb.o
 .ARM.attributes
                0x00000000000009c3       0x31 build/obj/spi.o
 .ARM.attributes
                0x00000000000009f4       0x31 build/obj/tm.o
 .ARM.attributes
                0x0000000000000a25       0x31 build/obj/uart.o
 .ARM.attributes
                0x0000000000000a56       0x31 build/obj/usb.o
 .ARM.attributes
                0x0000000000000a87       0x31 build/obj/stm32_dma.o
 .ARM.attributes
                0x0000000000000ab8       0x31 build/obj/hal_lld.o
 .ARM.attributes
                0x0000000000000ae9       0x31 build/obj/adc_lld.o
 .ARM.attributes
                0x0000000000000b1a       0x31 build/obj/ext_lld_isr.o
 .ARM.attributes
                0x0000000000000b4b       0x31 build/obj/can_lld.o
 .ARM.attributes
                0x0000000000000b7c       0x31 build/obj/ext_lld.o
 .ARM.attributes
                0x0000000000000bad       0x31 build/obj/mac_lld.o
 .ARM.attributes
                0x0000000000000bde       0x31 build/obj/sdc_lld.o
 .ARM.attributes
                0x0000000000000c0f       0x31 build/obj/pal_lld.o
 .ARM.attributes
                0x0000000000000c40       0x31 build/obj/i2c_lld.o
 .ARM.attributes
                0x0000000000000c71       0x31 build/obj/rtc_lld.o
 .ARM.attributes
                0x0000000000000ca2       0x31 build/obj/spi_lld.o
 .ARM.attributes
                0x0000000000000cd3       0x31 build/obj/gpt_lld.o
 .ARM.attributes
                0x0000000000000d04       0x31 build/obj/icu_lld.o
 .ARM.attributes
                0x0000000000000d35       0x31 build/obj/pwm_lld.o
 .ARM.attributes
                0x0000000000000d66       0x31 build/obj/serial_lld.o
 .ARM.attributes
                0x0000000000000d97       0x31 build/obj/uart_lld.o
 .ARM.attributes
                0x0000000000000dc8       0x31 build/obj/usb_lld.o
 .ARM.attributes
                0x0000000000000df9       0x31 build/obj/board.o
 .ARM.attributes
                0x0000000000000e2a       0x31 build/obj/evtimer.o
 .ARM.attributes
                0x0000000000000e5b       0x31 build/obj/syscalls.o
 .ARM.attributes
                0x0000000000000e8c       0x31 build/obj/main.o
 .ARM.attributes
                0x0000000000000ebd       0x32 /opt/paparazzi/arm-multilib/lib/gcc/arm-none-eabi/4.6.2/../../../../arm-none-eabi/lib/libc.a(lib_a-memset.o)

.debug_frame    0x0000000000000000     0x21b4
 .debug_frame   0x0000000000000000       0x50 build/obj/crt0.o
 .debug_frame   0x0000000000000050       0x20 build/obj/vectors.o
 .debug_frame   0x0000000000000070       0x20 build/obj/chcore.o
 .debug_frame   0x0000000000000090       0x98 build/obj/chcore_v7m.o
 .debug_frame   0x0000000000000128       0x60 build/obj/nvic.o
 .debug_frame   0x0000000000000188       0x5c build/obj/chsys.o
 .debug_frame   0x00000000000001e4       0x5c build/obj/chvt.o
 .debug_frame   0x0000000000000240       0xec build/obj/chschd.o
 .debug_frame   0x000000000000032c      0x160 build/obj/chthreads.o
 .debug_frame   0x000000000000048c       0x7c build/obj/chdynamic.o
 .debug_frame   0x0000000000000508       0x3c build/obj/chregistry.o
 .debug_frame   0x0000000000000544      0x130 build/obj/chsem.o
 .debug_frame   0x0000000000000674       0xec build/obj/chmtx.o
 .debug_frame   0x0000000000000760      0x114 build/obj/chcond.o
 .debug_frame   0x0000000000000874      0x1e0 build/obj/chevents.o
 .debug_frame   0x0000000000000a54       0x68 build/obj/chmsg.o
 .debug_frame   0x0000000000000abc      0x154 build/obj/chmboxes.o
 .debug_frame   0x0000000000000c10      0x170 build/obj/chqueues.o
 .debug_frame   0x0000000000000d80       0x50 build/obj/chmemcore.o
 .debug_frame   0x0000000000000dd0       0x98 build/obj/chheap.o
 .debug_frame   0x0000000000000e68       0x90 build/obj/chmempools.o
 .debug_frame   0x0000000000000ef8      0x1d8 build/obj/test.o
 .debug_frame   0x00000000000010d0       0xc4 build/obj/testthd.o
 .debug_frame   0x0000000000001194      0x138 build/obj/testsem.o
 .debug_frame   0x00000000000012cc      0x39c build/obj/testmtx.o
 .debug_frame   0x0000000000001668       0x48 build/obj/testmsg.o
 .debug_frame   0x00000000000016b0       0x48 build/obj/testmbox.o
 .debug_frame   0x00000000000016f8      0x10c build/obj/testevt.o
 .debug_frame   0x0000000000001804       0x44 build/obj/testheap.o
 .debug_frame   0x0000000000001848       0x50 build/obj/testpools.o
 .debug_frame   0x0000000000001898       0xdc build/obj/testdyn.o
 .debug_frame   0x0000000000001974       0xdc build/obj/testqueues.o
 .debug_frame   0x0000000000001a50      0x2b4 build/obj/testbmk.o
 .debug_frame   0x0000000000001d04       0x54 build/obj/hal.o
 .debug_frame   0x0000000000001d58       0x54 build/obj/pal.o
 .debug_frame   0x0000000000001dac      0x13c build/obj/serial.o
 .debug_frame   0x0000000000001ee8       0x3c build/obj/hal_lld.o
 .debug_frame   0x0000000000001f24       0x48 build/obj/pal_lld.o
 .debug_frame   0x0000000000001f6c       0x94 build/obj/serial_lld.o
 .debug_frame   0x0000000000002000       0x30 build/obj/board.o
 .debug_frame   0x0000000000002030       0x64 build/obj/evtimer.o
 .debug_frame   0x0000000000002094       0x98 build/obj/syscalls.o
 .debug_frame   0x000000000000212c       0x68 build/obj/main.o
 .debug_frame   0x0000000000002194       0x20 /opt/paparazzi/arm-multilib/lib/gcc/arm-none-eabi/4.6.2/../../../../arm-none-eabi/lib/libc.a(lib_a-memset.o)

Cross Reference Table

Symbol                                            File
BusFaultVector                                    build/obj/vectors.o
DebugMonitorVector                                build/obj/vectors.o
HardFaultVector                                   build/obj/vectors.o
MemManageVector                                   build/obj/vectors.o
NMIVector                                         build/obj/vectors.o
PendSVVector                                      build/obj/vectors.o
ResetHandler                                      build/obj/crt0.o
                                                  build/obj/vectors.o
SD4                                               build/obj/serial_lld.o
                                                  build/obj/main.o
SVCallVector                                      build/obj/chcore_v7m.o
                                                  build/obj/vectors.o
SysTickVector                                     build/obj/chcore_v7m.o
                                                  build/obj/vectors.o
TestThread                                        build/obj/test.o
UsageFaultVector                                  build/obj/vectors.o
Vector100                                         build/obj/vectors.o
Vector104                                         build/obj/vectors.o
Vector108                                         build/obj/vectors.o
Vector10C                                         build/obj/vectors.o
Vector110                                         build/obj/serial_lld.o
                                                  build/obj/vectors.o
Vector114                                         build/obj/vectors.o
Vector118                                         build/obj/vectors.o
Vector11C                                         build/obj/vectors.o
Vector120                                         build/obj/vectors.o
Vector124                                         build/obj/vectors.o
Vector128                                         build/obj/vectors.o
Vector12C                                         build/obj/vectors.o
Vector130                                         build/obj/vectors.o
Vector134                                         build/obj/vectors.o
Vector138                                         build/obj/vectors.o
Vector13C                                         build/obj/vectors.o
Vector140                                         build/obj/vectors.o
Vector144                                         build/obj/vectors.o
Vector148                                         build/obj/vectors.o
Vector14C                                         build/obj/vectors.o
Vector1C                                          build/obj/vectors.o
Vector20                                          build/obj/vectors.o
Vector24                                          build/obj/vectors.o
Vector28                                          build/obj/vectors.o
Vector34                                          build/obj/vectors.o
Vector40                                          build/obj/vectors.o
Vector44                                          build/obj/vectors.o
Vector48                                          build/obj/vectors.o
Vector4C                                          build/obj/vectors.o
Vector50                                          build/obj/vectors.o
Vector54                                          build/obj/vectors.o
Vector58                                          build/obj/vectors.o
Vector5C                                          build/obj/vectors.o
Vector60                                          build/obj/vectors.o
Vector64                                          build/obj/vectors.o
Vector68                                          build/obj/vectors.o
Vector6C                                          build/obj/vectors.o
Vector70                                          build/obj/vectors.o
Vector74                                          build/obj/vectors.o
Vector78                                          build/obj/vectors.o
Vector7C                                          build/obj/vectors.o
Vector80                                          build/obj/vectors.o
Vector84                                          build/obj/vectors.o
Vector88                                          build/obj/vectors.o
Vector8C                                          build/obj/vectors.o
Vector90                                          build/obj/vectors.o
Vector94                                          build/obj/vectors.o
Vector98                                          build/obj/vectors.o
Vector9C                                          build/obj/vectors.o
VectorA0                                          build/obj/vectors.o
VectorA4                                          build/obj/vectors.o
VectorA8                                          build/obj/vectors.o
VectorAC                                          build/obj/vectors.o
VectorB0                                          build/obj/vectors.o
VectorB4                                          build/obj/vectors.o
VectorB8                                          build/obj/vectors.o
VectorBC                                          build/obj/vectors.o
VectorC0                                          build/obj/vectors.o
VectorC4                                          build/obj/vectors.o
VectorC8                                          build/obj/vectors.o
VectorCC                                          build/obj/vectors.o
VectorD0                                          build/obj/vectors.o
VectorD4                                          build/obj/vectors.o
VectorD8                                          build/obj/vectors.o
VectorDC                                          build/obj/vectors.o
VectorE0                                          build/obj/vectors.o
VectorE4                                          build/obj/vectors.o
VectorE8                                          build/obj/vectors.o
VectorEC                                          build/obj/vectors.o
VectorF0                                          build/obj/vectors.o
VectorF4                                          build/obj/vectors.o
VectorF8                                          build/obj/vectors.o
VectorFC                                          build/obj/vectors.o
__early_init                                      build/obj/board.o
                                                  build/obj/crt0.o
__fini_array_end                                  build/obj/crt0.o
__fini_array_start                                build/obj/crt0.o
__heap_base__                                     build/obj/chmemcore.o
__heap_end__                                      build/obj/chmemcore.o
__init_array_end                                  build/obj/crt0.o
__init_array_start                                build/obj/crt0.o
__late_init                                       build/obj/crt0.o
__main_stack_base__                               build/obj/crt0.o
__main_stack_end__                                build/obj/vectors.o
                                                  build/obj/crt0.o
__process_stack_base__                            build/obj/crt0.o
__process_stack_end__                             build/obj/crt0.o
_bss_end                                          build/obj/crt0.o
_bss_start                                        build/obj/crt0.o
_close_r                                          build/obj/syscalls.o
_core_init                                        build/obj/chmemcore.o
                                                  build/obj/chsys.o
_data                                             build/obj/crt0.o
_default_exit                                     build/obj/crt0.o
_edata                                            build/obj/crt0.o
_fstat_r                                          build/obj/syscalls.o
_heap_init                                        build/obj/chheap.o
                                                  build/obj/chsys.o
_idle_thread                                      build/obj/chsys.o
_idle_thread_wa                                   build/obj/chsys.o
_isatty_r                                         build/obj/syscalls.o
_lseek_r                                          build/obj/syscalls.o
_pal_lld_init                                     build/obj/pal_lld.o
                                                  build/obj/hal.o
_pal_lld_setgroupmode                             build/obj/pal_lld.o
                                                  build/obj/pal.o
_port_init                                        build/obj/chcore_v7m.o
                                                  build/obj/chsys.o
_port_irq_epilogue                                build/obj/chcore_v7m.o
                                                  build/obj/serial_lld.o
_port_switch                                      build/obj/chcore_v7m.o
                                                  build/obj/chschd.o
_port_switch_from_isr                             build/obj/chcore_v7m.o
_port_thread_start                                build/obj/chcore_v7m.o
                                                  build/obj/chthreads.o
_read_r                                           build/obj/syscalls.o
_sbrk_r                                           build/obj/syscalls.o
_scheduler_init                                   build/obj/chschd.o
                                                  build/obj/chsys.o
_test_assert                                      build/obj/test.o
                                                  build/obj/testqueues.o
                                                  build/obj/testdyn.o
                                                  build/obj/testpools.o
                                                  build/obj/testheap.o
                                                  build/obj/testevt.o
                                                  build/obj/testmbox.o
                                                  build/obj/testmtx.o
                                                  build/obj/testsem.o
                                                  build/obj/testthd.o
_test_assert_sequence                             build/obj/test.o
                                                  build/obj/testqueues.o
                                                  build/obj/testdyn.o
                                                  build/obj/testevt.o
                                                  build/obj/testmbox.o
                                                  build/obj/testmsg.o
                                                  build/obj/testmtx.o
                                                  build/obj/testsem.o
                                                  build/obj/testthd.o
_test_assert_time_window                          build/obj/test.o
                                                  build/obj/testevt.o
                                                  build/obj/testmtx.o
                                                  build/obj/testsem.o
                                                  build/obj/testthd.o
_test_fail                                        build/obj/test.o
_textdata                                         build/obj/crt0.o
_thread_init                                      build/obj/chthreads.o
                                                  build/obj/chsys.o
_unhandled_exception                              build/obj/vectors.o
_vectors                                          build/obj/vectors.o
_vt_init                                          build/obj/chvt.o
                                                  build/obj/chsys.o
_write_r                                          build/obj/syscalls.o
boardInit                                         build/obj/board.o
                                                  build/obj/hal.o
chCondBroadcast                                   build/obj/chcond.o
                                                  build/obj/testmtx.o
chCondBroadcastI                                  build/obj/chcond.o
chCondInit                                        build/obj/chcond.o
                                                  build/obj/testmtx.o
chCondSignal                                      build/obj/chcond.o
                                                  build/obj/testmtx.o
chCondSignalI                                     build/obj/chcond.o
                                                  build/obj/testmtx.o
chCondWait                                        build/obj/chcond.o
                                                  build/obj/testmtx.o
chCondWaitS                                       build/obj/chcond.o
chCondWaitTimeout                                 build/obj/chcond.o
                                                  build/obj/testmtx.o
chCondWaitTimeoutS                                build/obj/chcond.o
chCoreAlloc                                       build/obj/chmemcore.o
                                                  build/obj/syscalls.o
                                                  build/obj/chheap.o
chCoreAllocI                                      build/obj/chmemcore.o
chCoreStatus                                      build/obj/chmemcore.o
                                                  build/obj/testheap.o
chEvtAddEvents                                    build/obj/chevents.o
                                                  build/obj/testevt.o
chEvtBroadcastFlags                               build/obj/chevents.o
                                                  build/obj/testevt.o
chEvtBroadcastFlagsI                              build/obj/chevents.o
                                                  build/obj/evtimer.o
                                                  build/obj/serial_lld.o
                                                  build/obj/serial.o
chEvtDispatch                                     build/obj/chevents.o
                                                  build/obj/testevt.o
chEvtGetAndClearEvents                            build/obj/chevents.o
                                                  build/obj/testevt.o
chEvtGetAndClearFlags                             build/obj/chevents.o
chEvtGetAndClearFlagsI                            build/obj/chevents.o
chEvtRegisterMask                                 build/obj/chevents.o
                                                  build/obj/testevt.o
chEvtSignal                                       build/obj/chevents.o
                                                  build/obj/testevt.o
chEvtSignalI                                      build/obj/chevents.o
chEvtUnregister                                   build/obj/chevents.o
                                                  build/obj/testevt.o
chEvtWaitAll                                      build/obj/chevents.o
                                                  build/obj/testevt.o
chEvtWaitAllTimeout                               build/obj/chevents.o
                                                  build/obj/testevt.o
chEvtWaitAny                                      build/obj/chevents.o
                                                  build/obj/testevt.o
chEvtWaitAnyTimeout                               build/obj/chevents.o
                                                  build/obj/testevt.o
chEvtWaitOne                                      build/obj/chevents.o
                                                  build/obj/testevt.o
chEvtWaitOneTimeout                               build/obj/chevents.o
                                                  build/obj/testevt.o
chHeapAlloc                                       build/obj/chheap.o
                                                  build/obj/testdyn.o
                                                  build/obj/testheap.o
                                                  build/obj/chdynamic.o
chHeapFree                                        build/obj/chheap.o
                                                  build/obj/testdyn.o
                                                  build/obj/testheap.o
                                                  build/obj/chdynamic.o
chHeapInit                                        build/obj/chheap.o
                                                  build/obj/testdyn.o
                                                  build/obj/testheap.o
chHeapStatus                                      build/obj/chheap.o
                                                  build/obj/testdyn.o
                                                  build/obj/testheap.o
chIQGetTimeout                                    build/obj/chqueues.o
                                                  build/obj/serial.o
                                                  build/obj/testbmk.o
                                                  build/obj/testqueues.o
chIQInit                                          build/obj/chqueues.o
                                                  build/obj/serial.o
                                                  build/obj/testbmk.o
                                                  build/obj/testqueues.o
chIQPutI                                          build/obj/chqueues.o
                                                  build/obj/serial.o
                                                  build/obj/testbmk.o
                                                  build/obj/testqueues.o
chIQReadTimeout                                   build/obj/chqueues.o
                                                  build/obj/serial.o
                                                  build/obj/testqueues.o
chIQResetI                                        build/obj/chqueues.o
                                                  build/obj/serial.o
                                                  build/obj/testqueues.o
chMBFetch                                         build/obj/chmboxes.o
                                                  build/obj/testmbox.o
chMBFetchI                                        build/obj/chmboxes.o
                                                  build/obj/testmbox.o
chMBFetchS                                        build/obj/chmboxes.o
chMBInit                                          build/obj/chmboxes.o
                                                  build/obj/testmbox.o
chMBPost                                          build/obj/chmboxes.o
                                                  build/obj/testmbox.o
chMBPostAhead                                     build/obj/chmboxes.o
                                                  build/obj/testmbox.o
chMBPostAheadI                                    build/obj/chmboxes.o
                                                  build/obj/testmbox.o
chMBPostAheadS                                    build/obj/chmboxes.o
chMBPostI                                         build/obj/chmboxes.o
                                                  build/obj/testmbox.o
chMBPostS                                         build/obj/chmboxes.o
chMBReset                                         build/obj/chmboxes.o
                                                  build/obj/testmbox.o
chMsgRelease                                      build/obj/chmsg.o
                                                  build/obj/testbmk.o
                                                  build/obj/testmsg.o
chMsgSend                                         build/obj/chmsg.o
                                                  build/obj/testbmk.o
                                                  build/obj/testmsg.o
chMsgWait                                         build/obj/chmsg.o
                                                  build/obj/testbmk.o
                                                  build/obj/testmsg.o
chMtxInit                                         build/obj/chmtx.o
                                                  build/obj/testbmk.o
                                                  build/obj/testmtx.o
                                                  build/obj/chheap.o
chMtxLock                                         build/obj/chmtx.o
                                                  build/obj/testbmk.o
                                                  build/obj/testmtx.o
                                                  build/obj/chheap.o
chMtxLockS                                        build/obj/chmtx.o
                                                  build/obj/chcond.o